[23:22:18.615] [INFO] Storybook Upgrade - v9.1.15
[23:22:18.621] [INFO] detect-projects-spinner-start: Detecting projects...
[23:22:18.622] [DEBUG] Finding Storybook projects...
[23:22:18.687] [DEBUG] Found 1 Storybook projects
[23:22:18.688] [INFO] detect-projects-spinner: Detecting projects: 1 projects
[23:22:18.688] [DEBUG] Getting Storybook data...
[23:22:18.688] [DEBUG] Getting Storybook info...
[23:22:18.688] [DEBUG] Loading main config...
[23:22:18.737] [DEBUG] Getting stories paths...
[23:22:18.750] [DEBUG] Getting package manager...
[23:22:18.893] [DEBUG] Getting Storybook version...
[23:22:18.894] [DEBUG] /.storybook - Validating before version... 8.5.6
[23:22:18.894] [DEBUG] /.storybook - Validating upgrade compatibility...
[23:22:18.894] [DEBUG] /.storybook - Fetching NPM version information...
[23:22:18.894] [DEBUG] Getting CLI versions from NPM for storybook...
[23:22:18.898] [DEBUG] Getting CLI versions from NPM for storybook@next...
[23:22:19.602] [DEBUG] /.storybook - Evaluating blockers...
[23:22:19.603] [DEBUG] Getting installed version for @storybook/experimental-addon-test...
[23:22:19.802] [INFO] detect-projects-spinner-stop: 1 project detected
[23:22:19.802] [DEBUG] Found 1 valid projects and 0 error projects
[23:22:19.802] [INFO] Upgrading from 8.5.6 to 9.1.15
[23:22:19.809] [ERROR] Blockers detected

Storybook has found potential blockers that need to be resolved before upgrading:

HTML Webpack5 support removed

Please migrate your Webpack5-based frameworks to their Vite equivalents.

Affected projects: /.storybook

More information: https://github.com/storybookjs/storybook/blob/next/MIGRATION.md#dropped-webpack5-builder-support-in-favor-of-vite

---

After addressing this, you can try running the upgrade command again. You can also rerun the upgrade command with the --force flag to skip the blocker check and to proceed with the upgrade.
[23:22:19.815] [INFO] Attention: Storybook now collects completely anonymous telemetry regarding usage. This information is used to shape Storybook's roadmap and prioritize features.
[23:22:19.820] [INFO] You can learn more, including how to opt-out if you'd not like to participate in this anonymous program, by visiting the following URL:
[23:22:19.825] [INFO] https://storybook.js.org/telemetry
[23:22:19.829] [INFO] 